******************************************************************************
                  TI ARM Linker PC v16.9.3                     
******************************************************************************
>> Linked Sat Jul 01 16:13:23 2017

OUTPUT FILE NAME:   <lab03.out>
ENTRY POINT SYMBOL: "_c_int00"  address: 00000881


MEMORY CONFIGURATION

         name            origin    length      used     unused   attr    fill
----------------------  --------  ---------  --------  --------  ----  --------
  FLASH                 00000000   00100000  00000d22  000ff2de  R  X
  SRAM                  20000000   00040000  00000081  0003ff7f  RW X


SEGMENT ALLOCATION MAP

run origin  load origin   length   init length attrs members
----------  ----------- ---------- ----------- ----- -------
00000000    00000000    00000d24   00000d24    r-x
  00000000    00000000    00000208   00000208    r-- .intvecs
  00000208    00000208    000008a2   000008a2    r-x .text
  00000aac    00000aac    00000254   00000254    r-- .const
  00000d00    00000d00    00000024   00000024    r-- .cinit
20000000    20000000    00000081   00000000    rw-
  20000000    20000000    00000064   00000000    rw- .stack
  20000064    20000064    0000001d   00000000    rw- .data


SECTION ALLOCATION MAP

 output                                  attributes/
section   page    origin      length       input sections
--------  ----  ----------  ----------   ----------------
.intvecs   0    00000000    00000208     
                  00000000    00000208     tm4c1294ncpdt_startup_ccs.obj (.intvecs)

.text      0    00000208    000008a2     
                  00000208    000001ec     driverlib.lib : sysctl.obj (.text:SysCtlClockFreqSet)
                  000003f4    00000132                   : gpio.obj (.text:GPIOPadConfigSet)
                  00000526    00000002     rtsv7M4_T_le_v4SPD16_eabi.lib : mpu_init.obj (.text)
                  00000528    00000100     buttons.obj (.text)
                  00000628    000000e4     main.obj (.text)
                  0000070c    0000009c     rtsv7M4_T_le_v4SPD16_eabi.lib : memcpy_t2.obj (.text)
                  000007a8    00000070                                   : autoinit.obj (.text)
                  00000818    00000068                                   : copy_decompress_lzss.obj (.text:decompress:lzss)
                  00000880    00000054                                   : boot.obj (.text)
                  000008d4    00000054                                   : exit.obj (.text)
                  00000928    0000004c                                   : cpy_tbl.obj (.text)
                  00000974    00000048     driverlib.lib : sysctl.obj (.text:_SysCtlFrequencyGet)
                  000009bc    00000034                   : sysctl.obj (.text:SysCtlPeripheralEnable)
                  000009f0    0000002a                   : gpio.obj (.text:GPIODirModeSet)
                  00000a1a    00000002     rtsv7M4_T_le_v4SPD16_eabi.lib : startup.obj (.text)
                  00000a1c    00000020     driverlib.lib : sysctl.obj (.text:_SysCtlMemTimingGet)
                  00000a3c    00000018                   : gpio.obj (.text:GPIOPinTypeGPIOOutput)
                  00000a54    00000018     rtsv7M4_T_le_v4SPD16_eabi.lib : args_main.obj (.text)
                  00000a6c    00000014                                   : _lock.obj (.text)
                  00000a80    0000000e                                   : copy_decompress_none.obj (.text:decompress:none)
                  00000a8e    0000000c     tm4c1294ncpdt_startup_ccs.obj (.text)
                  00000a9a    00000006     driverlib.lib : gpio.obj (.text:GPIOPinWrite)
                  00000aa0    00000006                   : sysctl.obj (.text:SysCtlDelay)
                  00000aa6    00000004     rtsv7M4_T_le_v4SPD16_eabi.lib : pre_init.obj (.text)

.const     0    00000aac    00000254     
                  00000aac    000001b0     driverlib.lib : sysctl.obj (.const:g_pppui32XTALtoVCO)
                  00000c5c    0000006c                   : sysctl.obj (.const:g_pui32Xtals)
                  00000cc8    00000030                   : sysctl.obj (.const:g_sXTALtoMEMTIM)
                  00000cf8    00000008                   : sysctl.obj (.const)

.cinit     0    00000d00    00000024     
                  00000d00    00000014     (.cinit..data.load) [load image, compression = lzss]
                  00000d14    00000008     (__TI_handler_table)
                  00000d1c    00000008     (__TI_cinit_table)

.init_array 
*          0    00000000    00000000     UNINITIALIZED

.stack     0    20000000    00000064     UNINITIALIZED
                  20000000    00000064     --HOLE--

.data      0    20000064    0000001d     UNINITIALIZED
                  20000064    0000000c     rtsv7M4_T_le_v4SPD16_eabi.lib : exit.obj (.data:$O1$$)
                  20000070    00000008                                   : _lock.obj (.data:$O1$$)
                  20000078    00000004                                   : stkdepth_vars.obj (.data)
                  2000007c    00000003     buttons.obj (.data)
                  2000007f    00000002     main.obj (.data)

MODULE SUMMARY

       Module                          code   ro data   rw data
       ------                          ----   -------   -------
    .\
       tm4c1294ncpdt_startup_ccs.obj   12     520       0      
       buttons.obj                     256    0         3      
       main.obj                        228    0         2      
    +--+-------------------------------+------+---------+---------+
       Total:                          496    520       5      
                                                               
    C:/ti/TivaWare_C_Series-2.1.3.156/driverlib/ccs/Debug/driverlib.lib
       sysctl.obj                      654    596       0      
       gpio.obj                        378    0         0      
    +--+-------------------------------+------+---------+---------+
       Total:                          1032   596       0      
                                                               
    C:\ti\ccsv7\tools\compiler\ti-cgt-arm_16.9.3.LTS\lib\rtsv7M4_T_le_v4SPD16_eabi.lib
       memcpy_t2.obj                   156    0         0      
       autoinit.obj                    112    0         0      
       copy_decompress_lzss.obj        104    0         0      
       exit.obj                        84     0         12     
       boot.obj                        84     0         0      
       cpy_tbl.obj                     76     0         0      
       _lock.obj                       20     0         8      
       args_main.obj                   24     0         0      
       copy_decompress_none.obj        14     0         0      
       pre_init.obj                    4      0         0      
       stkdepth_vars.obj               0      0         4      
       mpu_init.obj                    2      0         0      
       startup.obj                     2      0         0      
    +--+-------------------------------+------+---------+---------+
       Total:                          682    0         24     
                                                               
       Stack:                          0      0         100    
       Linker Generated:               0      36        0      
    +--+-------------------------------+------+---------+---------+
       Grand Total:                    2210   1152      129    


LINKER GENERATED COPY TABLES

__TI_cinit_table @ 00000d1c records: 1, size/record: 8, table size: 8
	.data: load addr=00000d00, load size=00000014 bytes, run addr=20000064, run size=0000001d bytes, compression=lzss


LINKER GENERATED HANDLER TABLE

__TI_handler_table @ 00000d14 records: 2, size/record: 4, table size: 8
	index: 0, handler: __TI_decompress_lzss
	index: 1, handler: __TI_decompress_none


GLOBAL SYMBOLS: SORTED ALPHABETICALLY BY Name 

address   name                           
-------   ----                           
00000647  Blink_LEDs                     
000005cf  ButtonsInit                    
00000529  ButtonsPoll                    
000008d5  C$$EXIT                        
000009f1  GPIODirModeSet                 
000003f5  GPIOPadConfigSet               
00000a3d  GPIOPinTypeGPIOOutput          
00000a9b  GPIOPinWrite                   
00000629  Initialize_HW                  
00000a8f  ResetISR                       
UNDEFED   SHT$$INIT_ARRAY$$Base          
UNDEFED   SHT$$INIT_ARRAY$$Limit         
000006b5  Start_Blink                    
00000209  SysCtlClockFreqSet             
00000aa1  SysCtlDelay                    
000009bd  SysCtlPeripheralEnable         
20000064  __STACK_END                    
00000064  __STACK_SIZE                   
20000200  __STACK_TOP                    
00000d1c  __TI_CINIT_Base                
00000d24  __TI_CINIT_Limit               
00000d14  __TI_Handler_Table_Base        
00000d1c  __TI_Handler_Table_Limit       
000007a9  __TI_auto_init                 
20000064  __TI_cleanup_ptr               
00000819  __TI_decompress_lzss           
00000a81  __TI_decompress_none           
20000068  __TI_dtors_ptr                 
2000006c  __TI_enable_exit_profile_output
ffffffff  __TI_pprof_out_hndl            
ffffffff  __TI_prof_data_size            
ffffffff  __TI_prof_data_start           
00000000  __TI_static_base__             
0000070d  __aeabi_memcpy                 
0000070d  __aeabi_memcpy4                
0000070d  __aeabi_memcpy8                
ffffffff  __binit__                      
ffffffff  __c_args__                     
00000527  __mpu_init                     
20000000  __stack                        
00000a55  _args_main                     
00000881  _c_int00                       
20000070  _lock                          
00000a7b  _nop                           
00000a73  _register_lock                 
00000a6d  _register_unlock               
00000a1b  _system_post_cinit             
00000aa7  _system_pre_init               
20000074  _unlock                        
000008d9  abort                          
ffffffff  binit                          
00000929  copy_in                        
000008e1  exit                           
00000000  g_pfnVectors                   
000006df  main                           
20000078  main_func_sp                   
0000070d  memcpy                         
2000007f  ucDelta                        
20000080  ucState                        


GLOBAL SYMBOLS: SORTED BY Symbol Address 

address   name                           
-------   ----                           
00000000  __TI_static_base__             
00000000  g_pfnVectors                   
00000064  __STACK_SIZE                   
00000209  SysCtlClockFreqSet             
000003f5  GPIOPadConfigSet               
00000527  __mpu_init                     
00000529  ButtonsPoll                    
000005cf  ButtonsInit                    
00000629  Initialize_HW                  
00000647  Blink_LEDs                     
000006b5  Start_Blink                    
000006df  main                           
0000070d  __aeabi_memcpy                 
0000070d  __aeabi_memcpy4                
0000070d  __aeabi_memcpy8                
0000070d  memcpy                         
000007a9  __TI_auto_init                 
00000819  __TI_decompress_lzss           
00000881  _c_int00                       
000008d5  C$$EXIT                        
000008d9  abort                          
000008e1  exit                           
00000929  copy_in                        
000009bd  SysCtlPeripheralEnable         
000009f1  GPIODirModeSet                 
00000a1b  _system_post_cinit             
00000a3d  GPIOPinTypeGPIOOutput          
00000a55  _args_main                     
00000a6d  _register_unlock               
00000a73  _register_lock                 
00000a7b  _nop                           
00000a81  __TI_decompress_none           
00000a8f  ResetISR                       
00000a9b  GPIOPinWrite                   
00000aa1  SysCtlDelay                    
00000aa7  _system_pre_init               
00000d14  __TI_Handler_Table_Base        
00000d1c  __TI_CINIT_Base                
00000d1c  __TI_Handler_Table_Limit       
00000d24  __TI_CINIT_Limit               
20000000  __stack                        
20000064  __STACK_END                    
20000064  __TI_cleanup_ptr               
20000068  __TI_dtors_ptr                 
2000006c  __TI_enable_exit_profile_output
20000070  _lock                          
20000074  _unlock                        
20000078  main_func_sp                   
2000007f  ucDelta                        
20000080  ucState                        
20000200  __STACK_TOP                    
ffffffff  __TI_pprof_out_hndl            
ffffffff  __TI_prof_data_size            
ffffffff  __TI_prof_data_start           
ffffffff  __binit__                      
ffffffff  __c_args__                     
ffffffff  binit                          
UNDEFED   SHT$$INIT_ARRAY$$Base          
UNDEFED   SHT$$INIT_ARRAY$$Limit         

[59 symbols]
